
> ucp-servicio-social@1.0.0 build
> next build

   Ôû▓ Next.js 14.0.3
   - Environments: .env.local, .env

   Creating an optimized production build ...
 Ô£ô Compiled successfully
   Linting and checking validity of types ...
npm : 
En línea: 1 Carácter: 1
+ npm run build > build_output.txt 2>&1
+ ~~~~~~~~~~~~~~~~~~~~~~~~~~~~~~~~~~~~~
    + CategoryInfo          : NotSpecified: (:String) [], RemoteException
    + FullyQualifiedErrorId : NativeCommandError
 
Failed to compile.

./src/app/administrador/noticias/loading.tsx
38:37  Warning: Image elements must have an alt prop, either with meaningful text, or an empty string 
for decorative images.  jsx-a11y/alt-text

./src/app/administrador/noticias/page-backup.tsx
111:53  Warning: Using `<img>` could result in slower LCP and higher bandwidth. Consider using `<Image 
/>` from `next/image` to automatically optimize images. This may incur additional usage or cost from 
your provider. See: https://nextjs.org/docs/messages/no-img-element  @next/next/no-img-element

./src/app/administrador/noticias/page-broken.tsx
42:37  Error: React Hook "React.useState" cannot be called in an async function.  
react-hooks/rules-of-hooks
43:41  Error: React Hook "React.useState" cannot be called in an async function.  
react-hooks/rules-of-hooks
44:45  Error: React Hook "React.useState" cannot be called in an async function.  
react-hooks/rules-of-hooks
205:37  Warning: Using `<img>` could result in slower LCP and higher bandwidth. Consider using `<Image 
/>` from `next/image` to automatically optimize images. This may incur additional usage or cost from 
your provider. See: https://nextjs.org/docs/messages/no-img-element  @next/next/no-img-element
304:57  Warning: Using `<img>` could result in slower LCP and higher bandwidth. Consider using `<Image 
/>` from `next/image` to automatically optimize images. This may incur additional usage or cost from 
your provider. See: https://nextjs.org/docs/messages/no-img-element  @next/next/no-img-element

./src/app/administrador/noticias/[id]/vista-previa/page.tsx
121:29  Warning: Using `<img>` could result in slower LCP and higher bandwidth. Consider using `<Image 
/>` from `next/image` to automatically optimize images. This may incur additional usage or cost from 
your provider. See: https://nextjs.org/docs/messages/no-img-element  @next/next/no-img-element
180:45  Warning: Using `<img>` could result in slower LCP and higher bandwidth. Consider using `<Image 
/>` from `next/image` to automatically optimize images. This may incur additional usage or cost from 
your provider. See: https://nextjs.org/docs/messages/no-img-element  @next/next/no-img-element

./src/components/convocatorias/ConvocatoriasExplorer.tsx
359:25  Warning: Using `<img>` could result in slower LCP and higher bandwidth. Consider using `<Image 
/>` from `next/image` to automatically optimize images. This may incur additional usage or cost from 
your provider. See: https://nextjs.org/docs/messages/no-img-element  @next/next/no-img-element

./src/components/noticias/enhanced-noticia-form.tsx
374:37  Warning: Using `<img>` could result in slower LCP and higher bandwidth. Consider using `<Image 
/>` from `next/image` to automatically optimize images. This may incur additional usage or cost from 
your provider. See: https://nextjs.org/docs/messages/no-img-element  @next/next/no-img-element
677:49  Warning: Using `<img>` could result in slower LCP and higher bandwidth. Consider using `<Image 
/>` from `next/image` to automatically optimize images. This may incur additional usage or cost from 
your provider. See: https://nextjs.org/docs/messages/no-img-element  @next/next/no-img-element

./src/components/noticias/modern-noticia-form.tsx
510:37  Warning: Using `<img>` could result in slower LCP and higher bandwidth. Consider using `<Image 
/>` from `next/image` to automatically optimize images. This may incur additional usage or cost from 
your provider. See: https://nextjs.org/docs/messages/no-img-element  @next/next/no-img-element
900:49  Warning: Using `<img>` could result in slower LCP and higher bandwidth. Consider using `<Image 
/>` from `next/image` to automatically optimize images. This may incur additional usage or cost from 
your provider. See: https://nextjs.org/docs/messages/no-img-element  @next/next/no-img-element

./src/components/noticias/news-admin-dashboard-light.tsx
235:37  Warning: Using `<img>` could result in slower LCP and higher bandwidth. Consider using `<Image 
/>` from `next/image` to automatically optimize images. This may incur additional usage or cost from 
your provider. See: https://nextjs.org/docs/messages/no-img-element  @next/next/no-img-element
338:57  Warning: Using `<img>` could result in slower LCP and higher bandwidth. Consider using `<Image 
/>` from `next/image` to automatically optimize images. This may incur additional usage or cost from 
your provider. See: https://nextjs.org/docs/messages/no-img-element  @next/next/no-img-element

./src/components/noticias/news-admin-dashboard.tsx
194:37  Warning: Using `<img>` could result in slower LCP and higher bandwidth. Consider using `<Image 
/>` from `next/image` to automatically optimize images. This may incur additional usage or cost from 
your provider. See: https://nextjs.org/docs/messages/no-img-element  @next/next/no-img-element
293:57  Warning: Using `<img>` could result in slower LCP and higher bandwidth. Consider using `<Image 
/>` from `next/image` to automatically optimize images. This may incur additional usage or cost from 
your provider. See: https://nextjs.org/docs/messages/no-img-element  @next/next/no-img-element

./src/components/noticias/professional-noticia-form.tsx
431:37  Warning: Using `<img>` could result in slower LCP and higher bandwidth. Consider using `<Image 
/>` from `next/image` to automatically optimize images. This may incur additional usage or cost from 
your provider. See: https://nextjs.org/docs/messages/no-img-element  @next/next/no-img-element
643:25  Warning: Using `<img>` could result in slower LCP and higher bandwidth. Consider using `<Image 
/>` from `next/image` to automatically optimize images. This may incur additional usage or cost from 
your provider. See: https://nextjs.org/docs/messages/no-img-element  @next/next/no-img-element

info  - Need to disable some ESLint rules? Learn more here: 
https://nextjs.org/docs/basic-features/eslint#disabling-rules
